// Jest Snapshot v1, https://goo.gl/fbAQLP

exports[`Pruebas en <AppRouter /> debe de mostrarse correctamente 1`] = `
<div>
  <nav
    className="navbar navbar-expand-lg navbar-light bg-light"
  >
    <div
      className="container-fluid"
    >
      <a
        className="navbar-brand"
        href="/"
        onClick={[Function]}
      >
        Navbar
      </a>
      <div
        className="collapse navbar-collapse"
        id="navbarNav"
      >
        <ul
          className="navbar-nav"
        >
          <a
            activeclassname="active"
            className="nav-item nav-link"
            exact="true"
            href="/"
            onClick={[Function]}
          >
            Home
          </a>
          <a
            activeclassname="active"
            className="nav-item nav-link"
            exact="true"
            href="/about"
            onClick={[Function]}
          >
            About
          </a>
          <a
            activeclassname="active"
            className="nav-item nav-link"
            exact="true"
            href="/login"
            onClick={[Function]}
          >
            Login
          </a>
        </ul>
      </div>
    </div>
  </nav>
  <div
    className="container"
  >
    <div>
      <h1>
        Home Screen
      </h1>
      <hr />
      <pre>
        {
   "user": {
      "id": 1,
      "name": "Fernando"
   }
}
      </pre>
    </div>
  </div>
</div>
`;
